[bycob_world] Gerando terrain (test_terrain)...
Creation du dossier de tests...
Generation du terrain...
ecriture de l'image du terrain...
Conversion du terrain en mesh... 
Ecriture du mesh dans un fichier .obj...
creation de la texture
ecriture de la texture...
ecriture de la carte
'/tmp/bycob.T3Jd3Q/assets/terrain/terrain.obj' -> '{{output_dir}}/bycob/terrain.obj'
'/tmp/bycob.T3Jd3Q/assets/terrain/terrain.png' -> '{{output_dir}}/bycob/terrain.png'
'/tmp/bycob.T3Jd3Q/assets/terrain/test2_map.png' -> '{{output_dir}}/bycob/test2_map.png'
'/tmp/bycob.T3Jd3Q/assets/terrain/test2_tex.png' -> '{{output_dir}}/bycob/test2_tex.png'
[bycob_world] Gerando trees (test_tree)...
[Warning] Vulkan modules are not available
[Warning] Vulkan modules are not available
[Warning] Vulkan modules are not available
[Warning] Vulkan modules are not available
[Warning] Vulkan modules are not available
[Warning] Vulkan modules are not available
[Warning] Vulkan modules are not available
[Warning] Vulkan modules are not available
[Warning] Vulkan modules are not available
[Warning] Vulkan modules are not available
Species exported to assets/tree
'/tmp/bycob.gHTirH/assets/tree' -> '{{output_dir}}/bycob/tree'
'/tmp/bycob.gHTirH/assets/tree/instances.obj' -> '{{output_dir}}/bycob/tree/instances.obj'
'/tmp/bycob.gHTirH/assets/tree/instances.mtl' -> '{{output_dir}}/bycob/tree/instances.mtl'
'/tmp/bycob.gHTirH/assets/tree/0_0_leaves.png' -> '{{output_dir}}/bycob/tree/0_0_leaves.png'
'/tmp/bycob.gHTirH/assets/tree/0_0_trunk.png' -> '{{output_dir}}/bycob/tree/0_0_trunk.png'
'/tmp/bycob.gHTirH/assets/tree/0_1_leaves.png' -> '{{output_dir}}/bycob/tree/0_1_leaves.png'
'/tmp/bycob.gHTirH/assets/tree/0_1_trunk.png' -> '{{output_dir}}/bycob/tree/0_1_trunk.png'
'/tmp/bycob.gHTirH/assets/tree/0_2_leaves.png' -> '{{output_dir}}/bycob/tree/0_2_leaves.png'
'/tmp/bycob.gHTirH/assets/tree/0_2_trunk.png' -> '{{output_dir}}/bycob/tree/0_2_trunk.png'
'/tmp/bycob.gHTirH/assets/tree/0_3_leaves.png' -> '{{output_dir}}/bycob/tree/0_3_leaves.png'
'/tmp/bycob.gHTirH/assets/tree/0_3_trunk.png' -> '{{output_dir}}/bycob/tree/0_3_trunk.png'
'/tmp/bycob.gHTirH/assets/tree/0_4_leaves.png' -> '{{output_dir}}/bycob/tree/0_4_leaves.png'
'/tmp/bycob.gHTirH/assets/tree/0_4_trunk.png' -> '{{output_dir}}/bycob/tree/0_4_trunk.png'
'/tmp/bycob.gHTirH/assets/tree/1_0_leaves.png' -> '{{output_dir}}/bycob/tree/1_0_leaves.png'
'/tmp/bycob.gHTirH/assets/tree/1_0_trunk.png' -> '{{output_dir}}/bycob/tree/1_0_trunk.png'
'/tmp/bycob.gHTirH/assets/tree/1_1_leaves.png' -> '{{output_dir}}/bycob/tree/1_1_leaves.png'
'/tmp/bycob.gHTirH/assets/tree/1_1_trunk.png' -> '{{output_dir}}/bycob/tree/1_1_trunk.png'
'/tmp/bycob.gHTirH/assets/tree/1_2_leaves.png' -> '{{output_dir}}/bycob/tree/1_2_leaves.png'
'/tmp/bycob.gHTirH/assets/tree/1_2_trunk.png' -> '{{output_dir}}/bycob/tree/1_2_trunk.png'
'/tmp/bycob.gHTirH/assets/tree/1_3_leaves.png' -> '{{output_dir}}/bycob/tree/1_3_leaves.png'
'/tmp/bycob.gHTirH/assets/tree/1_3_trunk.png' -> '{{output_dir}}/bycob/tree/1_3_trunk.png'
'/tmp/bycob.gHTirH/assets/tree/1_4_leaves.png' -> '{{output_dir}}/bycob/tree/1_4_leaves.png'
'/tmp/bycob.gHTirH/assets/tree/1_4_trunk.png' -> '{{output_dir}}/bycob/tree/1_4_trunk.png'
'/tmp/bycob.gHTirH/assets/tree/2_0_leaves.png' -> '{{output_dir}}/bycob/tree/2_0_leaves.png'
'/tmp/bycob.gHTirH/assets/tree/2_0_trunk.png' -> '{{output_dir}}/bycob/tree/2_0_trunk.png'
'/tmp/bycob.gHTirH/assets/tree/2_1_leaves.png' -> '{{output_dir}}/bycob/tree/2_1_leaves.png'
'/tmp/bycob.gHTirH/assets/tree/2_1_trunk.png' -> '{{output_dir}}/bycob/tree/2_1_trunk.png'
'/tmp/bycob.gHTirH/assets/tree/2_2_leaves.png' -> '{{output_dir}}/bycob/tree/2_2_leaves.png'
'/tmp/bycob.gHTirH/assets/tree/2_2_trunk.png' -> '{{output_dir}}/bycob/tree/2_2_trunk.png'
'/tmp/bycob.gHTirH/assets/tree/2_3_leaves.png' -> '{{output_dir}}/bycob/tree/2_3_leaves.png'
'/tmp/bycob.gHTirH/assets/tree/2_3_trunk.png' -> '{{output_dir}}/bycob/tree/2_3_trunk.png'
'/tmp/bycob.gHTirH/assets/tree/2_4_leaves.png' -> '{{output_dir}}/bycob/tree/2_4_leaves.png'
'/tmp/bycob.gHTirH/assets/tree/2_4_trunk.png' -> '{{output_dir}}/bycob/tree/2_4_trunk.png'
'/tmp/bycob.gHTirH/assets/tree/3_0_leaves.png' -> '{{output_dir}}/bycob/tree/3_0_leaves.png'
'/tmp/bycob.gHTirH/assets/tree/3_0_trunk.png' -> '{{output_dir}}/bycob/tree/3_0_trunk.png'
'/tmp/bycob.gHTirH/assets/tree/3_1_leaves.png' -> '{{output_dir}}/bycob/tree/3_1_leaves.png'
'/tmp/bycob.gHTirH/assets/tree/3_1_trunk.png' -> '{{output_dir}}/bycob/tree/3_1_trunk.png'
'/tmp/bycob.gHTirH/assets/tree/3_2_leaves.png' -> '{{output_dir}}/bycob/tree/3_2_leaves.png'
'/tmp/bycob.gHTirH/assets/tree/3_2_trunk.png' -> '{{output_dir}}/bycob/tree/3_2_trunk.png'
'/tmp/bycob.gHTirH/assets/tree/3_3_leaves.png' -> '{{output_dir}}/bycob/tree/3_3_leaves.png'
'/tmp/bycob.gHTirH/assets/tree/3_3_trunk.png' -> '{{output_dir}}/bycob/tree/3_3_trunk.png'
'/tmp/bycob.gHTirH/assets/tree/3_4_leaves.png' -> '{{output_dir}}/bycob/tree/3_4_leaves.png'
'/tmp/bycob.gHTirH/assets/tree/3_4_trunk.png' -> '{{output_dir}}/bycob/tree/3_4_trunk.png'
'/tmp/bycob.gHTirH/assets/tree/4_0_leaves.png' -> '{{output_dir}}/bycob/tree/4_0_leaves.png'
'/tmp/bycob.gHTirH/assets/tree/4_0_trunk.png' -> '{{output_dir}}/bycob/tree/4_0_trunk.png'
'/tmp/bycob.gHTirH/assets/tree/4_1_leaves.png' -> '{{output_dir}}/bycob/tree/4_1_leaves.png'
'/tmp/bycob.gHTirH/assets/tree/4_1_trunk.png' -> '{{output_dir}}/bycob/tree/4_1_trunk.png'
'/tmp/bycob.gHTirH/assets/tree/4_2_leaves.png' -> '{{output_dir}}/bycob/tree/4_2_leaves.png'
'/tmp/bycob.gHTirH/assets/tree/4_2_trunk.png' -> '{{output_dir}}/bycob/tree/4_2_trunk.png'
'/tmp/bycob.gHTirH/assets/tree/4_3_leaves.png' -> '{{output_dir}}/bycob/tree/4_3_leaves.png'
'/tmp/bycob.gHTirH/assets/tree/4_3_trunk.png' -> '{{output_dir}}/bycob/tree/4_3_trunk.png'
'/tmp/bycob.gHTirH/assets/tree/4_4_leaves.png' -> '{{output_dir}}/bycob/tree/4_4_leaves.png'
'/tmp/bycob.gHTirH/assets/tree/4_4_trunk.png' -> '{{output_dir}}/bycob/tree/4_4_trunk.png'
'/tmp/bycob.gHTirH/assets/tree/5_0_leaves.png' -> '{{output_dir}}/bycob/tree/5_0_leaves.png'
'/tmp/bycob.gHTirH/assets/tree/5_0_trunk.png' -> '{{output_dir}}/bycob/tree/5_0_trunk.png'
'/tmp/bycob.gHTirH/assets/tree/5_1_leaves.png' -> '{{output_dir}}/bycob/tree/5_1_leaves.png'
'/tmp/bycob.gHTirH/assets/tree/5_1_trunk.png' -> '{{output_dir}}/bycob/tree/5_1_trunk.png'
'/tmp/bycob.gHTirH/assets/tree/5_2_leaves.png' -> '{{output_dir}}/bycob/tree/5_2_leaves.png'
'/tmp/bycob.gHTirH/assets/tree/5_2_trunk.png' -> '{{output_dir}}/bycob/tree/5_2_trunk.png'
'/tmp/bycob.gHTirH/assets/tree/5_3_leaves.png' -> '{{output_dir}}/bycob/tree/5_3_leaves.png'
'/tmp/bycob.gHTirH/assets/tree/5_3_trunk.png' -> '{{output_dir}}/bycob/tree/5_3_trunk.png'
'/tmp/bycob.gHTirH/assets/tree/5_4_leaves.png' -> '{{output_dir}}/bycob/tree/5_4_leaves.png'
'/tmp/bycob.gHTirH/assets/tree/5_4_trunk.png' -> '{{output_dir}}/bycob/tree/5_4_trunk.png'
'/tmp/bycob.gHTirH/assets/tree/6_0_leaves.png' -> '{{output_dir}}/bycob/tree/6_0_leaves.png'
'/tmp/bycob.gHTirH/assets/tree/6_0_trunk.png' -> '{{output_dir}}/bycob/tree/6_0_trunk.png'
'/tmp/bycob.gHTirH/assets/tree/6_1_leaves.png' -> '{{output_dir}}/bycob/tree/6_1_leaves.png'
'/tmp/bycob.gHTirH/assets/tree/6_1_trunk.png' -> '{{output_dir}}/bycob/tree/6_1_trunk.png'
'/tmp/bycob.gHTirH/assets/tree/6_2_leaves.png' -> '{{output_dir}}/bycob/tree/6_2_leaves.png'
'/tmp/bycob.gHTirH/assets/tree/6_2_trunk.png' -> '{{output_dir}}/bycob/tree/6_2_trunk.png'
'/tmp/bycob.gHTirH/assets/tree/6_3_leaves.png' -> '{{output_dir}}/bycob/tree/6_3_leaves.png'
'/tmp/bycob.gHTirH/assets/tree/6_3_trunk.png' -> '{{output_dir}}/bycob/tree/6_3_trunk.png'
'/tmp/bycob.gHTirH/assets/tree/6_4_leaves.png' -> '{{output_dir}}/bycob/tree/6_4_leaves.png'
'/tmp/bycob.gHTirH/assets/tree/6_4_trunk.png' -> '{{output_dir}}/bycob/tree/6_4_trunk.png'
'/tmp/bycob.gHTirH/assets/tree/7_0_leaves.png' -> '{{output_dir}}/bycob/tree/7_0_leaves.png'
'/tmp/bycob.gHTirH/assets/tree/7_0_trunk.png' -> '{{output_dir}}/bycob/tree/7_0_trunk.png'
'/tmp/bycob.gHTirH/assets/tree/7_1_leaves.png' -> '{{output_dir}}/bycob/tree/7_1_leaves.png'
'/tmp/bycob.gHTirH/assets/tree/7_1_trunk.png' -> '{{output_dir}}/bycob/tree/7_1_trunk.png'
'/tmp/bycob.gHTirH/assets/tree/7_2_leaves.png' -> '{{output_dir}}/bycob/tree/7_2_leaves.png'
'/tmp/bycob.gHTirH/assets/tree/7_2_trunk.png' -> '{{output_dir}}/bycob/tree/7_2_trunk.png'
'/tmp/bycob.gHTirH/assets/tree/7_3_leaves.png' -> '{{output_dir}}/bycob/tree/7_3_leaves.png'
'/tmp/bycob.gHTirH/assets/tree/7_3_trunk.png' -> '{{output_dir}}/bycob/tree/7_3_trunk.png'
'/tmp/bycob.gHTirH/assets/tree/7_4_leaves.png' -> '{{output_dir}}/bycob/tree/7_4_leaves.png'
'/tmp/bycob.gHTirH/assets/tree/7_4_trunk.png' -> '{{output_dir}}/bycob/tree/7_4_trunk.png'
'/tmp/bycob.gHTirH/assets/tree/8_0_leaves.png' -> '{{output_dir}}/bycob/tree/8_0_leaves.png'
'/tmp/bycob.gHTirH/assets/tree/8_0_trunk.png' -> '{{output_dir}}/bycob/tree/8_0_trunk.png'
'/tmp/bycob.gHTirH/assets/tree/8_1_leaves.png' -> '{{output_dir}}/bycob/tree/8_1_leaves.png'
'/tmp/bycob.gHTirH/assets/tree/8_1_trunk.png' -> '{{output_dir}}/bycob/tree/8_1_trunk.png'
'/tmp/bycob.gHTirH/assets/tree/8_2_leaves.png' -> '{{output_dir}}/bycob/tree/8_2_leaves.png'
'/tmp/bycob.gHTirH/assets/tree/8_2_trunk.png' -> '{{output_dir}}/bycob/tree/8_2_trunk.png'
'/tmp/bycob.gHTirH/assets/tree/8_3_leaves.png' -> '{{output_dir}}/bycob/tree/8_3_leaves.png'
'/tmp/bycob.gHTirH/assets/tree/8_3_trunk.png' -> '{{output_dir}}/bycob/tree/8_3_trunk.png'
'/tmp/bycob.gHTirH/assets/tree/8_4_leaves.png' -> '{{output_dir}}/bycob/tree/8_4_leaves.png'
'/tmp/bycob.gHTirH/assets/tree/8_4_trunk.png' -> '{{output_dir}}/bycob/tree/8_4_trunk.png'
'/tmp/bycob.gHTirH/assets/tree/9_0_leaves.png' -> '{{output_dir}}/bycob/tree/9_0_leaves.png'
'/tmp/bycob.gHTirH/assets/tree/9_0_trunk.png' -> '{{output_dir}}/bycob/tree/9_0_trunk.png'
'/tmp/bycob.gHTirH/assets/tree/9_1_leaves.png' -> '{{output_dir}}/bycob/tree/9_1_leaves.png'
'/tmp/bycob.gHTirH/assets/tree/9_1_trunk.png' -> '{{output_dir}}/bycob/tree/9_1_trunk.png'
'/tmp/bycob.gHTirH/assets/tree/9_2_leaves.png' -> '{{output_dir}}/bycob/tree/9_2_leaves.png'
'/tmp/bycob.gHTirH/assets/tree/9_2_trunk.png' -> '{{output_dir}}/bycob/tree/9_2_trunk.png'
'/tmp/bycob.gHTirH/assets/tree/9_3_leaves.png' -> '{{output_dir}}/bycob/tree/9_3_leaves.png'
'/tmp/bycob.gHTirH/assets/tree/9_3_trunk.png' -> '{{output_dir}}/bycob/tree/9_3_trunk.png'
'/tmp/bycob.gHTirH/assets/tree/9_4_leaves.png' -> '{{output_dir}}/bycob/tree/9_4_leaves.png'
'/tmp/bycob.gHTirH/assets/tree/9_4_trunk.png' -> '{{output_dir}}/bycob/tree/9_4_trunk.png'
'/tmp/bycob.gHTirH/assets/tree/habitats.json' -> '{{output_dir}}/bycob/tree/habitats.json'
[bycob_world] Concluído em 9s — saída em {{output_dir}}/bycob/

--- STDERR ---
