[bycob_world] Gerando terrain (test_terrain)...
Creation du dossier de tests...
Generation du terrain...
ecriture de l'image du terrain...
Conversion du terrain en mesh... 
Ecriture du mesh dans un fichier .obj...
creation de la texture
ecriture de la texture...
ecriture de la carte
[bycob_world] Gerando trees (test_tree)...
[Warning] Vulkan modules are not available
[Warning] Vulkan modules are not available
[Warning] Vulkan modules are not available
[Warning] Vulkan modules are not available
[Warning] Vulkan modules are not available
[Warning] Vulkan modules are not available
[Warning] Vulkan modules are not available
[Warning] Vulkan modules are not available
[Warning] Vulkan modules are not available
[Warning] Vulkan modules are not available
Species exported to assets/tree
